[findrealestate.com/index.html]
[findrealestate.com/_next/static/media/26d0ba92e140f0dc-s.p.woff2]
[findrealestate.com/_next/static/media/5c0c2bcbaa4149ca-s.p.woff2]
[findrealestate.com/_next/static/css/a463080343a8b988aae6.css]
[findrealestate.com/_next/static/css/a507e9ad223717c5aae6.css]
[findrealestate.com/_next/static/css/5c05320c2e2712c6aae6.css]
[findrealestate.com/_next/static/css/8e6ddeb204d73c50aae6.css]
[findrealestate.com/_next/static/css/b6b0e4d6e1848150aae6.css]
[findrealestate.com/_next/static/css/33f3cda2aa79f5e3aae6.css]
[findrealestate.com/_next/static/css/4c0c15c47e700f3faae6.css]
[findrealestate.com/_next/static/css/f46e979614fc3394aae6.css]
[findrealestate.com/_next/static/css/76625cdb983d5d00aae6.css]
[findrealestate.com/_next/static/css/e38ee174a6663feaaae6.css]
[findrealestate.com/_next/static/css/6ad1c6d71b80e1dfaae6.css]
[findrealestate.com/_next/static/css/2a2a5a05e6302e39aae6.css]
[findrealestate.com/_next/static/chunks/webpack-fa9af7a98a9825fcaae6.js]
[findrealestate.com/_next/static/chunks/4bd1b696-100b9d70ed4e49c1aae6.js]
[findrealestate.com/_next/static/chunks/1255-d414a3fb6b69e437aae6.js]
[findrealestate.com/_next/static/chunks/main-app-b7ac91ae224968d9aae6.js]
[findrealestate.com/_next/static/chunks/c15bf2b0-1894ff94ed039d0faae6.js]
[findrealestate.com/_next/static/chunks/7605-e8c59d9d93203c75aae6.js]
[findrealestate.com/_next/static/chunks/5580-a4808b0cf38336a6aae6.js]
[findrealestate.com/_next/static/chunks/8493-6e256508e0c981dcaae6.js]
[findrealestate.com/_next/static/chunks/268-f5ebced453d17f84aae6.js]
[findrealestate.com/_next/static/chunks/9933-cee89b6b9ee91d4eaae6.js]
[findrealestate.com/_next/static/chunks/app/layout-43b382a16bd97e81aae6.js]
[findrealestate.com/_next/static/chunks/5259-15ad81add0dad07aaae6.js]
[findrealestate.com/_next/static/chunks/5697-0a3cbad00af0547aaae6.js]
[findrealestate.com/_next/static/chunks/5564-c4c75197f7dac3beaae6.js]
[findrealestate.com/_next/static/chunks/4634-dc6390082a22d3dcaae6.js]
[findrealestate.com/_next/static/chunks/2619-b8db57ac19da49acaae6.js]
[findrealestate.com/_next/static/chunks/1912-abfb749a7d02dd70aae6.js]
[findrealestate.com/_next/static/chunks/6348-da34bed15522b681aae6.js]
[findrealestate.com/_next/static/chunks/136-9436d7da81d7857faae6.js]
[findrealestate.com/_next/static/chunks/8766-00c027ca1bf55e89aae6.js]
[findrealestate.com/_next/static/chunks/3889-d5954c19244d425caae6.js]
[findrealestate.com/_next/static/chunks/app/error-2f42de63e72b2164aae6.js]
[findrealestate.com/_next/static/chunks/app/(home)/layout-b11503399b004862aae6.js]
[findrealestate.com/_next/static/chunks/app/(dark)/not-found-9813185fa1aab8f1aae6.js]
[findrealestate.com/_next/static/chunks/8527-e86fefa72ce67597aae6.js]
[findrealestate.com/_next/static/chunks/8276-6483413b5a32d4baaae6.js]
[findrealestate.com/_next/static/chunks/7887-5ae8d1ef5143f522aae6.js]
[findrealestate.com/_next/static/chunks/7300-de0e9bdc43841de6aae6.js]
[findrealestate.com/_next/static/chunks/3677-311d860b167e68ffaae6.js]
[findrealestate.com/_next/static/chunks/3070-f1c72743eb81cbb5aae6.js]
[findrealestate.com/_next/static/chunks/2573-e9c38cc6ac2bb000aae6.js]
[findrealestate.com/_next/static/chunks/7459-b5acf2c62f22dabdaae6.js]
[backblue.gif]
[fade.gif]
[index.html]
[findrealestate.com/_next/static/chunks/app/(home)/page-e546e0006c60f019aae6.js]
[findrealestate.com/manifest.webmanifest]
[findrealestate.com/favicon.ico]
[findrealestate.com/apple-icon2c23.png]
[findrealestate.com/_next/static/chunks/polyfills-42372ed130431b0aaae6.js]
[findrealestate.com/search.html]
[findrealestate.com/agents.html]
[findrealestate.com/join.html]
[app.findrealestate.com/authentication/sign-in]
[findrealestate.com/_next/backdd66.jpg]
[findrealestate.com/_next/house8df6.png]
[findrealestate.com/_next/cloudf791.png]
[findrealestate.com/_next/smokee68c.png]
[findrealestate.com/videos/why-us.mp4]
[findrealestate.com/_next/151f4.jpg]
[findrealestate.com/_next/205bb.jpg]
[findrealestate.com/_next/38776.jpg]
[findrealestate.com/_next/4f8fb.jpg]
[findrealestate.com/_next/1464e.jpg]
[findrealestate.com/_next/272cd.jpg]
[findrealestate.com/_next/16de5.jpg]
[findrealestate.com/_next/buy3959.jpg]
[findrealestate.com/_next/sell2cef.jpg]
[findrealestate.com/_next/rent23cd.jpg]
[findrealestate.com/services.html]
[findrealestate.com/_next/mortgage-servicesbcea.jpg]
[findrealestate.com/_next/property-managementbd2e.jpg]
[findrealestate.com/_next/development95f9.jpg]
[findrealestate.com/blog.html]
[findrealestate.com/blog/Q1-2026-NYC-Market-Report.html]
[findrealestate.com/blog/blog-post-1.html]
[findrealestate.com/blog/What-1M-Buys-in-Different-NYC-Neighborhoods.html]
[findrealestate.com/_next/bg786b.jpg]
[findrealestate.com/about.html]
[findrealestate.com/terms-of-service.html]
[findrealestate.com/privacy-policy.html]
[findrealestate.com/operating-procedure.html]
[findrealestate.com/press-and-media.html]
[findrealestate.com/static/chunks/c15bf2b0-1894ff94ed039d0f.55aae6.delayed]
[findrealestate.com/static/chunks/7605-e8c59d9d93203c75.56aae6.delayed]
[findrealestate.com/static/chunks/5580-a4808b0cf38336a6.57aae6.delayed]
[findrealestate.com/static/chunks/8493-6e256508e0c981dc.58aae6.delayed]
[findrealestate.com/static/chunks/268-f5ebced453d17f84.59aae6.delayed]
[findrealestate.com/static/chunks/9933-cee89b6b9ee91d4e.5aaae6.delayed]
[findrealestate.com/static/chunks/5259-15ad81add0dad07a.5baae6.delayed]
[findrealestate.com/static/chunks/5697-0a3cbad00af0547a.5caae6.delayed]
[findrealestate.com/static/chunks/5564-c4c75197f7dac3be.5daae6.delayed]
[findrealestate.com/static/chunks/4634-dc6390082a22d3dc.5eaae6.delayed]
[findrealestate.com/static/chunks/2619-b8db57ac19da49ac.5faae6.delayed]
[findrealestate.com/static/chunks/1912-abfb749a7d02dd70.60aae6.delayed]
[findrealestate.com/static/chunks/6348-da34bed15522b681.61aae6.delayed]
[findrealestate.com/static/chunks/136-9436d7da81d7857f.62aae6.delayed]
[findrealestate.com/static/chunks/8766-00c027ca1bf55e89.63aae6.delayed]
[findrealestate.com/static/chunks/3889-d5954c19244d425c.64aae6.delayed]
[findrealestate.com/_next/static/css/c7661fc68b4af3d0aae6.css]
[findrealestate.com/static/chunks/8527-e86fefa72ce67597.66aae6.delayed]
[findrealestate.com/static/chunks/8276-6483413b5a32d4ba.67aae6.delayed]
[findrealestate.com/static/chunks/7887-5ae8d1ef5143f522.68aae6.delayed]
[findrealestate.com/static/chunks/7300-de0e9bdc43841de6.69aae6.delayed]
[findrealestate.com/static/chunks/3677-311d860b167e68ff.6aaae6.delayed]
[findrealestate.com/static/chunks/3070-f1c72743eb81cbb5.6baae6.delayed]
[findrealestate.com/static/chunks/2573-e9c38cc6ac2bb000.6caae6.delayed]
[findrealestate.com/static/chunks/7459-b5acf2c62f22dabd.6daae6.delayed]
[findrealestate.com/index.html]
[findrealestate.com/_next/static/css/a463080343a8b988aae6.css]
[findrealestate.com/_next/static/css/a507e9ad223717c5aae6.css]
[findrealestate.com/_next/static/css/5c05320c2e2712c6aae6.css]
[findrealestate.com/_next/static/css/8e6ddeb204d73c50aae6.css]
[findrealestate.com/_next/static/css/b6b0e4d6e1848150aae6.css]
[findrealestate.com/_next/static/css/33f3cda2aa79f5e3aae6.css]
[findrealestate.com/_next/static/css/4c0c15c47e700f3faae6.css]
[findrealestate.com/_next/static/css/f46e979614fc3394aae6.css]
[findrealestate.com/_next/static/css/76625cdb983d5d00aae6.css]
[findrealestate.com/_next/static/css/e38ee174a6663feaaae6.css]
[findrealestate.com/_next/static/css/6ad1c6d71b80e1dfaae6.css]
[findrealestate.com/_next/static/css/2a2a5a05e6302e39aae6.css]
[findrealestate.com/iconcdee.svg]
[findrealestate.com/_next/static/css/9944a6ac1d6e2523aae6.css]
[findrealestate.com/_next/static/css/999902d1754ff7cbaae6.css]
[findrealestate.com/_next/static/css/39eff304cae84232aae6.css]
[findrealestate.com/_next/static/css/c811f06a1c4fb317aae6.css]
[findrealestate.com/_next/static/css/88a21f3b75078941aae6.css]
[findrealestate.com/_next/static/css/0cdae0b15642931caae6.css]
[findrealestate.com/_next/static/chunks/914-d967f48a0771a0b3aae6.js]
[findrealestate.com/_next/static/chunks/3858-22461a90cd6fed8faae6.js]
[findrealestate.com/_next/static/chunks/3340-f0d2c86050cb1bcdaae6.js]
[findrealestate.com/_next/static/chunks/app/(light)/search/page-a938e34b258d7e73aae6.js]
[findrealestate.com/properties/69180.html]
[findrealestate.com/properties/69181.html]
[findrealestate.com/properties/69109.html]
[findrealestate.com/properties/65706.html]
[findrealestate.com/properties/1416995.html]
[findrealestate.com/properties/1415610.html]
[findrealestate.com/properties/67665.html]
[findrealestate.com/properties/67347.html]
[findrealestate.com/properties/67199.html]
[findrealestate.com/properties/67229.html]
[findrealestate.com/properties/1412877.html]
[findrealestate.com/properties/1409690.html]
[findrealestate.com/properties/65809.html]
[findrealestate.com/properties/1407788.html]
[findrealestate.com/properties/1407978.html]
[findrealestate.com/properties/1406971.html]
[findrealestate.com/properties/64676.html]
[findrealestate.com/properties/1400147.html]
[findrealestate.com/properties/59581.html]
[findrealestate.com/properties/1398463.html]
[findrealestate.com/properties/1398464.html]
[findrealestate.com/properties/1398506.html]
[findrealestate.com/properties/1396954.html]
[findrealestate.com/properties/52880.html]
[findrealestate.com/static/chunks/914-d967f48a0771a0b3.90aae6.delayed]
[findrealestate.com/static/chunks/3858-22461a90cd6fed8f.91aae6.delayed]
[findrealestate.com/static/chunks/3340-f0d2c86050cb1bcd.92aae6.delayed]
[findrealestate.com/search.html]
[findrealestate.com/_next/static/css/19ac78074acd9000aae6.css]
[findrealestate.com/_next/static/css/4beeb62387374929aae6.css]
[findrealestate.com/_next/static/chunks/1940-ae9860e4dd907c82aae6.js]
[findrealestate.com/_next/static/chunks/app/(light)/agents/page-2ffeee5d5f9c5c21aae6.js]
[findrealestate.com/_next/f657174b591453a32e5e829ff72b4bd0a472f61c646c.jpg]
[findrealestate.com/static/chunks/1940-ae9860e4dd907c82.99aae6.delayed]
[findrealestate.com/agents.html]
[findrealestate.com/_next/static/css/30b3683e1f99c79caae6.css]
[findrealestate.com/_next/static/css/0ef050fd06155c08aae6.css]
[findrealestate.com/_next/static/css/c6884a4b3ac4bd9baae6.css]
[findrealestate.com/_next/static/chunks/2381-0d157e0abffcbaa0aae6.js]
[findrealestate.com/_next/static/chunks/3751-b1a5cfa4f95cdb34aae6.js]
[findrealestate.com/_next/static/chunks/1046-ff63720f4a859dddaae6.js]
[findrealestate.com/_next/static/chunks/7184-6a3e29be7c70da94aae6.js]
[findrealestate.com/_next/static/chunks/app/(dark)/join/page-be5801d2e602797daae6.js]
[findrealestate.com/videos/find-join.mp4]
[findrealestate.com/_next/empowering-sm4b65.jpg]
[findrealestate.com/_next/empowering625d.jpg]
[findrealestate.com/_next/d2a964ec34716a1d051234141b85b73353e67e20c482.png]
[findrealestate.com/_next/amenities-and-services-1cab0.jpg]
[findrealestate.com/_next/amenities-and-services-2253a.png]
[findrealestate.com/_next/amenities-and-services-3e773.png]
[findrealestate.com/_next/office-14c72.jpg]
[findrealestate.com/_next/office-2f0bb.jpg]
[findrealestate.com/_next/office-32628.png]
[findrealestate.com/_next/office-4ec35.jpg]
[findrealestate.com/_next/office-52421.jpg]
[findrealestate.com/_next/office-62466.jpg]
[findrealestate.com/_next/9ecbd60fcea673377c761185aa2c9bbb0c9278f00366.jpg]
[findrealestate.com/_next/adam-mahfouda5989.jpg]
[findrealestate.com/_next/jules-borbelyc681.jpg]
[findrealestate.com/_next/dina-tango77b3.jpg]
[findrealestate.com/_next/jay-khan4ad2.png]
[findrealestate.com/_next/molly-concannon5391.jpg]
[findrealestate.com/_next/christina-alexander6e34.png]
[findrealestate.com/_next/9cafe3a89bb38a5bf8e9cdb8d76ddf8467a336da19b5.png]
[findrealestate.com/_next/7b829344439c9e9e1e917cf4a33ba3d3da560c0459a6.png]
[findrealestate.com/_next/e76163de426875a60744a9202e2aebc63622c290ee7f.png]
[findrealestate.com/_next/c08f6c7b4affc97309ffa72c0a8095a599357bcd37bb.png]
[findrealestate.com/_next/d506009e6140d2d976f4b92549dd694efb5acaa076e4.png]
[findrealestate.com/_next/c90f0563c776e5209d25d4e6f5410ce69caa1cc6c509.jpg]
[findrealestate.com/_next/2131327860b228.png]
[findrealestate.com/static/chunks/2381-0d157e0abffcbaa0.bdaae6.delayed]
[findrealestate.com/static/chunks/3751-b1a5cfa4f95cdb34.beaae6.delayed]
[findrealestate.com/static/chunks/1046-ff63720f4a859ddd.bfaae6.delayed]
[findrealestate.com/static/chunks/7184-6a3e29be7c70da94.c0aae6.delayed]
[findrealestate.com/join.html]
[app.findrealestate.com/apple-touch-icon.png]
[app.findrealestate.com/favicon-96x96.png]
[app.findrealestate.com/favicon-32x32.png]
[app.findrealestate.com/favicon-16x16.png]
[app.findrealestate.com/site.webmanifest]
[app.findrealestate.com/js/datepicker-min.js]
[app.findrealestate.com/_next/static/media/e4af272ccee01ff0-s.p.woff2]
[app.findrealestate.com/_next/static/css/1f341b1589e82f12.css]
[app.findrealestate.com/_next/static/chunks/polyfills-c67a75d1b6f99dc8.js]
[app.findrealestate.com/_next/static/chunks/webpack-230aeaeaf71a8926.js]
[app.findrealestate.com/_next/static/chunks/framework-4e8a62f770b19b63.js]
[app.findrealestate.com/_next/static/chunks/main-83224ffbc7866958.js]
[app.findrealestate.com/_next/static/chunks/pages/_app-453a3a09d6237ed7.js]
[app.findrealestate.com/_next/static/chunks/939-6077c953cdca32c9.js]
[app.findrealestate.com/_next/static/chunks/4231-c76a50b78806acd6.js]
[app.findrealestate.com/_next/static/chunks/2922-7ee5db7379d9da32.js]
[app.findrealestate.com/_next/static/chunks/pages/authentication/sign-in-6d76452cbc69dba0.js]
[app.findrealestate.com/_next/static/u7hcpKV4db5PiQUPVMK7O/_buildManifest.js]
[app.findrealestate.com/_next/static/u7hcpKV4db5PiQUPVMK7O/_ssgManifest.js]
[app.findrealestate.com/authentication/sign-in]
[findrealestate.com/_next/static/css/8c62c763d99988d5aae6.css]
[findrealestate.com/_next/static/css/23a81e2004653821aae6.css]
[findrealestate.com/_next/static/css/bc7e2285d5c0793caae6.css]
[findrealestate.com/_next/static/chunks/app/(light)/services/page-84080e78927b0067aae6.js]
[findrealestate.com/_next/4e9ab250c1a86b850ef1dc08987ee1c2e196ef66de18.jpg]
[findrealestate.com/_next/exploree32c.jpg]
[findrealestate.com/services.html]
[findrealestate.com/_next/static/css/dc076e2b3091b041aae6.css]
[findrealestate.com/_next/static/css/84461aa051d4f5baaae6.css]
[findrealestate.com/_next/static/css/fac5c2ce875ebfaeaae6.css]
[findrealestate.com/_next/static/chunks/7264-c6a0d30c55490cc7aae6.js]
[findrealestate.com/_next/static/chunks/930-6f4e0d9de9140b3baae6.js]
[findrealestate.com/_next/static/chunks/5269-f4eb963528a45c84aae6.js]
[findrealestate.com/_next/static/chunks/app/(light)/blog/page-ab0ab87c45481415aae6.js]
[findrealestate.com/blog/5-cozy-ways-to-spend-a-snow-day-at-home.html]
[findrealestate.com/blog/8-ways-agents-held-back-their-business-2025.html]
[findrealestate.com/blog/market-update-jan-2026.html]
[findrealestate.com/blog/wrapping-up-a-sale-before-the-ball-drops.html]
[findrealestate.com/blog/year-in-review-2025.html]
[findrealestate.com/blog/finding-your-hearth-the-perfect-home-for-holiday-gatherings.html]
[findrealestate.com/blog/your-cozy-holiday-home-a-gift-that-lasts-all-year.html]
[findrealestate.com/static/chunks/7264-c6a0d30c55490cc7.e8aae6.delayed]
[findrealestate.com/static/chunks/930-6f4e0d9de9140b3b.e9aae6.delayed]
[findrealestate.com/static/chunks/5269-f4eb963528a45c84.eaaae6.delayed]
[findrealestate.com/blog.html]
[findrealestate.com/_next/static/css/6c7b6a0cc24629d5aae6.css]
[findrealestate.com/_next/static/css/d578f8b9021f8327aae6.css]
[findrealestate.com/_next/static/chunks/3915-3b4244a5e096ad12aae6.js]
[findrealestate.com/_next/static/chunks/app/(light)/blog/[slug]/page-b41401c3b0677f4aaae6.js]
[findrealestate.com/blog/static/chunks/c15bf2b0-1894ff94ed039d0f.efaae6.delayed]
[findrealestate.com/blog/static/chunks/7605-e8c59d9d93203c75.f0aae6.delayed]
[findrealestate.com/blog/static/chunks/5580-a4808b0cf38336a6.f1aae6.delayed]
[findrealestate.com/blog/static/chunks/8493-6e256508e0c981dc.f2aae6.delayed]
[findrealestate.com/blog/static/chunks/268-f5ebced453d17f84.f3aae6.delayed]
[findrealestate.com/blog/static/chunks/9933-cee89b6b9ee91d4e.f4aae6.delayed]
[findrealestate.com/blog/static/chunks/5259-15ad81add0dad07a.f5aae6.delayed]
[findrealestate.com/blog/static/chunks/5697-0a3cbad00af0547a.f6aae6.delayed]
[findrealestate.com/blog/static/chunks/5564-c4c75197f7dac3be.f7aae6.delayed]
[findrealestate.com/blog/static/chunks/4634-dc6390082a22d3dc.f8aae6.delayed]
[findrealestate.com/blog/static/chunks/2619-b8db57ac19da49ac.f9aae6.delayed]
[findrealestate.com/blog/static/chunks/1912-abfb749a7d02dd70.faaae6.delayed]
[findrealestate.com/blog/static/chunks/6348-da34bed15522b681.fbaae6.delayed]
[findrealestate.com/blog/static/chunks/136-9436d7da81d7857f.fcaae6.delayed]
[findrealestate.com/blog/static/chunks/8766-00c027ca1bf55e89.fdaae6.delayed]
[findrealestate.com/blog/static/chunks/3889-d5954c19244d425c.feaae6.delayed]
[findrealestate.com/blog/static/chunks/8527-e86fefa72ce67597.ffaae6.delayed]
[findrealestate.com/blog/static/chunks/7264-c6a0d30c55490cc7.100aae6.delayed]
[findrealestate.com/blog/static/chunks/5269-f4eb963528a45c84.101aae6.delayed]
[findrealestate.com/blog/static/chunks/3915-3b4244a5e096ad12.102aae6.delayed]
[findrealestate.com/blog/Q1-2026-NYC-Market-Report.html]
[findrealestate.com/blog/blog-post-1.html]
[findrealestate.com/blog/What-1M-Buys-in-Different-NYC-Neighborhoods.html]
[findrealestate.com/_next/static/chunks/app/(light)/about/page-02c0e9c6f938c5b8aae6.js]
[findrealestate.com/videos/find-about.mp4]
[findrealestate.com/_next/08fa0accac8917edbe7d6f66dd3da19be9064b9ca28e.png]
[findrealestate.com/_next/7b829344439c9e9e1e917cf4a33ba3d3da560c044989.png]
[findrealestate.com/_next/jamie-sittner5f9a.png]
[findrealestate.com/_next/casey-gaddy5ee1.png]
[findrealestate.com/_next/dimitar-nikolovf049.png]
[findrealestate.com/_next/edon-mustafafbf5.png]
[findrealestate.com/_next/erisa-jakupi-voca6d3b.png]
[findrealestate.com/_next/adea-fejzafad2.png]
[findrealestate.com/_next/agnesa-eshreficea1.png]
[findrealestate.com/_next/albina-ibrahimi95c3.png]
[findrealestate.com/_next/albina-maliqi97f9.png]
[findrealestate.com/_next/albinot-blakcorri4a36.png]
[findrealestate.com/_next/dardan-sokoliabf1.png]
[findrealestate.com/_next/diellza-salicana9ca5.png]
[findrealestate.com/_next/emona-shehucb3e.png]
[findrealestate.com/_next/erza-begu1022.png]
[findrealestate.com/_next/florent-kuci7a1e.png]
[findrealestate.com/_next/genita-rexhepi3dc3.png]
[findrealestate.com/_next/gresa-lecif7e0.png]
[findrealestate.com/_next/pellumb-hajdarif219.png]
[findrealestate.com/videos/find-about-2.mp4]
[findrealestate.com/certified-agents.html]
[findrealestate.com/_next/556853ffc29cc366e1542d9cabf2d713f01a5d33e7df.jpg]
[findrealestate.com/_next/22066e07d6fde7fcc460f643ff71db942e26eae65a98.jpg]
[findrealestate.com/_next/f117144b5c18b9a4b3d626f72d2de0d497536967d1a6.jpg]
[findrealestate.com/_next/64dcd3d9d50f331b4653a167aa241a606371cd22e047.jpg]
[findrealestate.com/_next/8800b14f1fb6ef7026605c1b44222820b61276ce884c.jpg]
[findrealestate.com/about.html]
[findrealestate.com/_next/static/css/704935a5150163d1aae6.css]
[findrealestate.com/terms-of-service.html]
[findrealestate.com/_next/static/css/818f5a3d45211294aae6.css]
[findrealestate.com/privacy-policy.html]
[findrealestate.com/_next/static/css/55189f4d11353ffbaae6.css]
[findrealestate.com/operating-procedure.html]
[findrealestate.com/_next/static/chunks/app/(light)/operating-procedure/page-6fadd86d38c0cc0caae6.js]
[findrealestate.com/_next/static/css/c3065cf64caf423daae6.css]
[findrealestate.com/_next/static/css/448b58ea9519a9d8aae6.css]
[findrealestate.com/_next/static/chunks/app/(light)/press-and-media/page-a05b51bb059d0175aae6.js]
[findrealestate.com/press-and-media.html]
[findrealestate.com/static/chunks/404aae6]
[findrealestate.com/static/chunks/404aae6-2]
[findrealestate.com/static/chunks/404aae6-3]
[findrealestate.com/static/chunks/404aae6-4]
[findrealestate.com/static/chunks/404aae6-5]
[findrealestate.com/static/chunks/404aae6-6]
[findrealestate.com/static/chunks/404aae6-7]
[findrealestate.com/static/chunks/404aae6-8]
[findrealestate.com/static/chunks/404aae6-9]
[findrealestate.com/static/chunks/404aae6-10]
[findrealestate.com/static/chunks/404aae6-11]
[findrealestate.com/static/chunks/404aae6-12]
[findrealestate.com/static/chunks/404aae6-13]
[findrealestate.com/static/chunks/404aae6-14]
[findrealestate.com/static/chunks/404aae6-15]
[findrealestate.com/static/chunks/404aae6-16]
[findrealestate.com/_next/static/css/c7661fc68b4af3d0aae6.css]
[findrealestate.com/static/chunks/404aae6-17]
[findrealestate.com/static/chunks/404aae6-18]
[findrealestate.com/static/chunks/404aae6-19]
[findrealestate.com/static/chunks/404aae6-20]
[findrealestate.com/static/chunks/404aae6-21]
[findrealestate.com/static/chunks/404aae6-22]
[findrealestate.com/static/chunks/404aae6-23]
[findrealestate.com/static/chunks/404aae6-24]
[findrealestate.com/_next/static/css/9944a6ac1d6e2523aae6.css]
[findrealestate.com/_next/static/css/999902d1754ff7cbaae6.css]
[findrealestate.com/_next/static/css/39eff304cae84232aae6.css]
[findrealestate.com/_next/static/css/c811f06a1c4fb317aae6.css]
[findrealestate.com/_next/static/css/88a21f3b75078941aae6.css]
[findrealestate.com/_next/static/css/0cdae0b15642931caae6.css]
[findrealestate.com/press-and-media/find-real-estate-launch.html]
[findrealestate.com/_next/static/css/7c487b1d2874cf16aae6.css]
[findrealestate.com/_next/static/css/867d8996e7fad194aae6.css]
[findrealestate.com/_next/static/css/6b70e9a795aa1a74aae6.css]
[findrealestate.com/_next/static/chunks/9840-832548391c9b6f91aae6.js]
[findrealestate.com/_next/static/chunks/app/(light)/properties/[id]/page-30d9e20f1b8e12d8aae6.js]
[findrealestate.com/properties/static/chunks/c15bf2b0-1894ff94ed039d0f.12daae6.delayed]
[findrealestate.com/properties/static/chunks/7605-e8c59d9d93203c75.12eaae6.delayed]
[findrealestate.com/properties/static/chunks/5580-a4808b0cf38336a6.12faae6.delayed]
[findrealestate.com/properties/static/chunks/8493-6e256508e0c981dc.130aae6.delayed]
[findrealestate.com/properties/static/chunks/268-f5ebced453d17f84.131aae6.delayed]
[findrealestate.com/properties/static/chunks/9933-cee89b6b9ee91d4e.132aae6.delayed]
[findrealestate.com/properties/static/chunks/5259-15ad81add0dad07a.133aae6.delayed]
[findrealestate.com/properties/static/chunks/5697-0a3cbad00af0547a.134aae6.delayed]
[findrealestate.com/properties/static/chunks/5564-c4c75197f7dac3be.135aae6.delayed]
[findrealestate.com/properties/static/chunks/4634-dc6390082a22d3dc.136aae6.delayed]
[findrealestate.com/properties/static/chunks/2619-b8db57ac19da49ac.137aae6.delayed]
[findrealestate.com/properties/static/chunks/1912-abfb749a7d02dd70.138aae6.delayed]
[findrealestate.com/properties/static/chunks/6348-da34bed15522b681.139aae6.delayed]
[findrealestate.com/properties/static/chunks/136-9436d7da81d7857f.13aaae6.delayed]
[findrealestate.com/properties/static/chunks/8766-00c027ca1bf55e89.13baae6.delayed]
[findrealestate.com/properties/static/chunks/3889-d5954c19244d425c.13caae6.delayed]
[findrealestate.com/properties/static/chunks/8527-e86fefa72ce67597.13daae6.delayed]
[findrealestate.com/properties/static/chunks/8276-6483413b5a32d4ba.13eaae6.delayed]
[findrealestate.com/properties/static/chunks/7887-5ae8d1ef5143f522.13faae6.delayed]
[findrealestate.com/properties/static/chunks/7300-de0e9bdc43841de6.140aae6.delayed]
[findrealestate.com/properties/static/chunks/1940-ae9860e4dd907c82.141aae6.delayed]
[findrealestate.com/properties/static/chunks/3677-311d860b167e68ff.142aae6.delayed]
[findrealestate.com/properties/static/chunks/3070-f1c72743eb81cbb5.143aae6.delayed]
[findrealestate.com/properties/static/chunks/9840-832548391c9b6f91.144aae6.delayed]
[findrealestate.com/properties/static/chunks/3340-f0d2c86050cb1bcd.145aae6.delayed]
[findrealestate.com/properties/69180.html]
[findrealestate.com/properties/69181.html]
[findrealestate.com/properties/69109.html]
[findrealestate.com/properties/65706.html]
[findrealestate.com/properties/1416995.html]
[findrealestate.com/properties/1415610.html]
[findrealestate.com/properties/67665.html]
[findrealestate.com/properties/67347.html]
[findrealestate.com/properties/67199.html]
[findrealestate.com/properties/67229.html]
[findrealestate.com/properties/1412877.html]
[findrealestate.com/properties/1409690.html]
[findrealestate.com/properties/65809.html]
[findrealestate.com/properties/1407788.html]
[findrealestate.com/properties/1407978.html]
[findrealestate.com/properties/1406971.html]
[findrealestate.com/properties/64676.html]
[findrealestate.com/properties/1400147.html]
[findrealestate.com/properties/59581.html]
[findrealestate.com/properties/1398463.html]
[findrealestate.com/properties/1398464.html]
[findrealestate.com/properties/1398506.html]
[findrealestate.com/properties/1396954.html]
[findrealestate.com/properties/52880.html]
[findrealestate.com/static/chunks/404aae6-25]
[findrealestate.com/static/chunks/404aae6-26]
[findrealestate.com/static/chunks/404aae6-27]
[findrealestate.com/_next/static/css/19ac78074acd9000aae6.css]
[findrealestate.com/_next/static/css/13a7aa8b5e9c64f9aae6.css]
[findrealestate.com/_next/static/css/4beeb62387374929aae6.css]
[findrealestate.com/static/chunks/404aae6-28]
[findrealestate.com/_next/static/css/30b3683e1f99c79caae6.css]
[findrealestate.com/_next/static/css/0ef050fd06155c08aae6.css]
[findrealestate.com/_next/static/css/c6884a4b3ac4bd9baae6.css]
[findrealestate.com/static/chunks/404aae6-29]
[findrealestate.com/static/chunks/404aae6-30]
[findrealestate.com/static/chunks/404aae6-31]
[findrealestate.com/static/chunks/404aae6-32]
[app.findrealestate.com/404]
[app.findrealestate.com/icons/chevron-down.146.delayed]
[app.findrealestate.com/icons/text-paragraph.svg]
[app.findrealestate.com/images/icons/${blockTypeIcon}.svg]
[app.findrealestate.com/images/icons/arrow-clockwise.svg]
[app.findrealestate.com/images/icons/arrow-counterclockwise.svg]
[app.findrealestate.com/images/icons/chevron-down.svg]
[app.findrealestate.com/images/icons/list-ol.svg]
[app.findrealestate.com/images/icons/list-ul.svg]
[app.findrealestate.com/images/icons/text-center.svg]
[app.findrealestate.com/images/icons/text-left.svg]
[app.findrealestate.com/images/icons/text-paragraph.svg]
[app.findrealestate.com/images/icons/text-right.svg]
[app.findrealestate.com/images/icons/type-bold.svg]
[app.findrealestate.com/images/icons/type-h1.svg]
[app.findrealestate.com/images/icons/type-h2.svg]
[app.findrealestate.com/images/icons/type-italic.svg]
[app.findrealestate.com/images/icons/type-underline.svg]
[app.findrealestate.com/images/arrow-right.svg]
[app.findrealestate.com/images/arrow-left.svg]
[app.findrealestate.com/images/emoji/1F642.png]
[app.findrealestate.com/images/icons/chat-square-quote.svg]
[app.findrealestate.com/images/icons/code.svg]
[app.findrealestate.com/images/checkmark.svg]
[app.findrealestate.com/images/icons/pencil-fill.svg]
[app.findrealestate.com/images/icons/type-strikethrough.svg]
[app.findrealestate.com/images/icons/link.svg]
[app.findrealestate.com/images/icons/justify.svg]
[app.findrealestate.com/_next/static/media/ba9851c3c22cd980-s.woff2]
[app.findrealestate.com/_next/static/media/21350d82a1f187e9-s.woff2]
[app.findrealestate.com/_next/static/media/c5fe6dc8356a8c31-s.woff2]
[app.findrealestate.com/_next/static/media/19cfc7226ec3afaa-s.woff2]
[app.findrealestate.com/_next/static/media/df0a9ae256c0569c-s.woff2]
[app.findrealestate.com/_next/static/media/8e9860b6e62d6359-s.woff2]
[app.findrealestate.com/_next/static/css/1f341b1589e82f12.css]
[findrealestate.com/_next/static/css/8c62c763d99988d5aae6.css]
[findrealestate.com/_next/static/css/23a81e2004653821aae6.css]
[findrealestate.com/_next/static/css/bc7e2285d5c0793caae6.css]
[findrealestate.com/_next/static/css/dc076e2b3091b041aae6.css]
[findrealestate.com/_next/static/css/84461aa051d4f5baaae6.css]
[findrealestate.com/_next/static/css/fac5c2ce875ebfaeaae6.css]
[findrealestate.com/blog/5-cozy-ways-to-spend-a-snow-day-at-home.html]
[findrealestate.com/blog/8-ways-agents-held-back-their-business-2025.html]
[findrealestate.com/blog/market-update-jan-2026.html]
[findrealestate.com/blog/wrapping-up-a-sale-before-the-ball-drops.html]
[findrealestate.com/blog/year-in-review-2025.html]
[findrealestate.com/blog/finding-your-hearth-the-perfect-home-for-holiday-gatherings.html]
[findrealestate.com/blog/your-cozy-holiday-home-a-gift-that-lasts-all-year.html]
[findrealestate.com/static/chunks/404aae6-33]
[findrealestate.com/static/chunks/404aae6-34]
[findrealestate.com/static/chunks/404aae6-35]
[findrealestate.com/_next/static/css/6c7b6a0cc24629d5aae6.css]
[findrealestate.com/_next/static/css/d578f8b9021f8327aae6.css]
[findrealestate.com/blog/static/chunks/404aae6]
[findrealestate.com/blog/static/chunks/404aae6-2]
[findrealestate.com/blog/static/chunks/404aae6-3]
[findrealestate.com/blog/static/chunks/404aae6-4]
[findrealestate.com/blog/static/chunks/404aae6-5]
[findrealestate.com/blog/static/chunks/404aae6-6]
[findrealestate.com/blog/static/chunks/404aae6-7]
[findrealestate.com/blog/static/chunks/404aae6-8]
[findrealestate.com/blog/static/chunks/404aae6-9]
[findrealestate.com/blog/static/chunks/404aae6-10]
[findrealestate.com/blog/static/chunks/404aae6-11]
[findrealestate.com/blog/static/chunks/404aae6-12]
[findrealestate.com/blog/static/chunks/404aae6-13]
[findrealestate.com/blog/static/chunks/404aae6-14]
[findrealestate.com/blog/static/chunks/404aae6-15]
[findrealestate.com/blog/static/chunks/404aae6-16]
[findrealestate.com/blog/static/chunks/404aae6-17]
[findrealestate.com/blog/static/chunks/404aae6-18]
[findrealestate.com/blog/static/chunks/404aae6-19]
[findrealestate.com/blog/static/chunks/404aae6-20]
[findrealestate.com/_next/static/css/71fc680ded0e6ed8aae6.css]
[findrealestate.com/_next/static/chunks/1081-7974536bbeb17dceaae6.js]
[findrealestate.com/_next/static/chunks/app/(light)/certified-agents/page-ae470378aae53643aae6.js]
[findrealestate.com/_next/1bee212fc943be04332eb30e3873c175f3f037623764.jpg]
[findrealestate.com/_next/eee12d3de396c70c69c57c3470fa7b567cfc1b144a1e.jpg]
[findrealestate.com/_next/7705cbb97a43b56882dfb42762b156bdb240c419528d.jpg]
[findrealestate.com/static/chunks/1081-7974536bbeb17dce.16daae6.delayed]
[findrealestate.com/certified-agents.html]
[findrealestate.com/_next/static/css/704935a5150163d1aae6.css]
[findrealestate.com/_next/static/css/818f5a3d45211294aae6.css]
[findrealestate.com/_next/static/css/55189f4d11353ffbaae6.css]
[findrealestate.com/_next/static/css/c3065cf64caf423daae6.css]
[findrealestate.com/_next/static/css/448b58ea9519a9d8aae6.css]
[findrealestate.com/_next/static/chunks/app/(light)/press-and-media/[slug]/page-3b536cfd5ada29d8aae6.js]
[findrealestate.com/press-and-media/static/chunks/c15bf2b0-1894ff94ed039d0f.16faae6.delayed]
[findrealestate.com/press-and-media/static/chunks/7605-e8c59d9d93203c75.170aae6.delayed]
[findrealestate.com/press-and-media/static/chunks/5580-a4808b0cf38336a6.171aae6.delayed]
[findrealestate.com/press-and-media/static/chunks/8493-6e256508e0c981dc.172aae6.delayed]
[findrealestate.com/press-and-media/static/chunks/268-f5ebced453d17f84.173aae6.delayed]
[findrealestate.com/press-and-media/static/chunks/9933-cee89b6b9ee91d4e.174aae6.delayed]
[findrealestate.com/press-and-media/static/chunks/5259-15ad81add0dad07a.175aae6.delayed]
[findrealestate.com/press-and-media/static/chunks/5697-0a3cbad00af0547a.176aae6.delayed]
[findrealestate.com/press-and-media/static/chunks/5564-c4c75197f7dac3be.177aae6.delayed]
[findrealestate.com/press-and-media/static/chunks/4634-dc6390082a22d3dc.178aae6.delayed]
[findrealestate.com/press-and-media/static/chunks/2619-b8db57ac19da49ac.179aae6.delayed]
[findrealestate.com/press-and-media/static/chunks/1912-abfb749a7d02dd70.17aaae6.delayed]
[findrealestate.com/press-and-media/static/chunks/6348-da34bed15522b681.17baae6.delayed]
[findrealestate.com/press-and-media/static/chunks/136-9436d7da81d7857f.17caae6.delayed]
[findrealestate.com/press-and-media/static/chunks/8766-00c027ca1bf55e89.17daae6.delayed]
[findrealestate.com/press-and-media/static/chunks/3889-d5954c19244d425c.17eaae6.delayed]
[findrealestate.com/press-and-media/static/chunks/8527-e86fefa72ce67597.17faae6.delayed]
[findrealestate.com/press-and-media/static/chunks/7264-c6a0d30c55490cc7.180aae6.delayed]
[findrealestate.com/press-and-media/static/chunks/5269-f4eb963528a45c84.181aae6.delayed]
[findrealestate.com/press-and-media/static/chunks/3915-3b4244a5e096ad12.182aae6.delayed]
[findrealestate.com/press-and-media/find-real-estate-launch.html]
[findrealestate.com/_next/static/css/7c487b1d2874cf16aae6.css]
[findrealestate.com/_next/static/css/867d8996e7fad194aae6.css]
[findrealestate.com/_next/static/css/6b70e9a795aa1a74aae6.css]
[findrealestate.com/properties/static/chunks/404aae6]
[findrealestate.com/properties/static/chunks/404aae6-2]
[findrealestate.com/properties/static/chunks/404aae6-3]
[findrealestate.com/properties/static/chunks/404aae6-4]
[findrealestate.com/properties/static/chunks/404aae6-5]
[findrealestate.com/properties/static/chunks/404aae6-6]
[findrealestate.com/properties/static/chunks/404aae6-7]
[findrealestate.com/properties/static/chunks/404aae6-8]
[findrealestate.com/properties/static/chunks/404aae6-9]
[findrealestate.com/properties/static/chunks/404aae6-10]
[findrealestate.com/properties/static/chunks/404aae6-11]
[findrealestate.com/properties/static/chunks/404aae6-12]
[findrealestate.com/properties/static/chunks/404aae6-13]
[findrealestate.com/properties/static/chunks/404aae6-14]
[findrealestate.com/properties/static/chunks/404aae6-15]
[findrealestate.com/properties/static/chunks/404aae6-16]
[findrealestate.com/properties/static/chunks/404aae6-17]
[findrealestate.com/properties/static/chunks/404aae6-18]
[findrealestate.com/properties/static/chunks/404aae6-19]
[findrealestate.com/properties/static/chunks/404aae6-20]
[findrealestate.com/properties/static/chunks/404aae6-21]
[findrealestate.com/properties/static/chunks/404aae6-22]
[findrealestate.com/properties/static/chunks/404aae6-23]
[findrealestate.com/properties/static/chunks/404aae6-24]
[findrealestate.com/properties/static/chunks/404aae6-25]
[app.findrealestate.com/icons/404]
[app.findrealestate.com/icons/404-2]
[app.findrealestate.com/images/icons/404]
[app.findrealestate.com/images/icons/arrow-clockwise.svg]
[app.findrealestate.com/images/icons/arrow-counterclockwise.svg]
[app.findrealestate.com/images/icons/chevron-down.svg]
[app.findrealestate.com/images/icons/list-ol.svg]
[app.findrealestate.com/images/icons/list-ul.svg]
[app.findrealestate.com/images/icons/text-center.svg]
[app.findrealestate.com/images/icons/text-left.svg]
[app.findrealestate.com/images/icons/text-paragraph.svg]
[app.findrealestate.com/images/icons/text-right.svg]
[app.findrealestate.com/images/icons/type-bold.svg]
[app.findrealestate.com/images/icons/type-h1.svg]
[app.findrealestate.com/images/icons/type-h2.svg]
[app.findrealestate.com/images/icons/type-italic.svg]
[app.findrealestate.com/images/icons/type-underline.svg]
[app.findrealestate.com/images/arrow-right.svg]
[app.findrealestate.com/images/arrow-left.svg]
[app.findrealestate.com/images/icons/chat-square-quote.svg]
[app.findrealestate.com/images/icons/code.svg]
[app.findrealestate.com/images/checkmark.svg]
[app.findrealestate.com/images/icons/pencil-fill.svg]
[app.findrealestate.com/images/icons/type-strikethrough.svg]
[app.findrealestate.com/images/icons/link.svg]
[app.findrealestate.com/images/icons/justify.svg]
[findrealestate.com/_next/static/css/71fc680ded0e6ed8aae6.css]
[findrealestate.com/static/chunks/404aae6-36]
[findrealestate.com/press-and-media/static/chunks/404aae6]
[findrealestate.com/press-and-media/static/chunks/404aae6-2]
[findrealestate.com/press-and-media/static/chunks/404aae6-3]
[findrealestate.com/press-and-media/static/chunks/404aae6-4]
[findrealestate.com/press-and-media/static/chunks/404aae6-5]
[findrealestate.com/press-and-media/static/chunks/404aae6-6]
[findrealestate.com/press-and-media/static/chunks/404aae6-7]
[findrealestate.com/press-and-media/static/chunks/404aae6-8]
[findrealestate.com/press-and-media/static/chunks/404aae6-9]
[findrealestate.com/press-and-media/static/chunks/404aae6-10]
[findrealestate.com/press-and-media/static/chunks/404aae6-11]
[findrealestate.com/press-and-media/static/chunks/404aae6-12]
[findrealestate.com/press-and-media/static/chunks/404aae6-13]
[findrealestate.com/press-and-media/static/chunks/404aae6-14]
[findrealestate.com/press-and-media/static/chunks/404aae6-15]
[findrealestate.com/press-and-media/static/chunks/404aae6-16]
[findrealestate.com/press-and-media/static/chunks/404aae6-17]
[findrealestate.com/press-and-media/static/chunks/404aae6-18]
[findrealestate.com/press-and-media/static/chunks/404aae6-19]
[findrealestate.com/press-and-media/static/chunks/404aae6-20]
